// Jest Snapshot v1, https://goo.gl/fbAQLP

exports[`App renders the error message 1`] = `
<div
  className="error"
>
  <h1>
    Error :(
  </h1>
  <p>
    Something's wrong
  </p>
</div>
`;
