// Jest Snapshot v1, https://goo.gl/fbAQLP

exports[`App renders the loading state 1`] = `
<div
  className="loading"
>
  Loading...
</div>
`;
